// Jest Snapshot v1, https://goo.gl/fbAQLP

exports[`[DateSelector] renders correctly 1`] = `
<div
  className="App"
>
  <delavega-dropdown />
</div>
`;
