// Jest Snapshot v1, https://goo.gl/fbAQLP

exports[`[EuroJackpotResult] renders correctly [EuroJackpotResult | Large] renders correctly 1`] = `
<div>
  <span>
    Loading...
  </span>
</div>
`;
